# serializer version: 1
# name: test_clean_source
  ' &amp;c., H.'
# ---
